2026-07-08T17:07:15.671+09:00  INFO 5258 --- [SpringBootJpaBasicLogging-1] [restartedMain] .m.SpringBootJpaBasicLogging1Application : Starting SpringBootJpaBasicLogging1Application using Java 21.0.2 with PID 5258 (/Users/kwondoha/Documents/workspace-spring-tools-for-eclipse-5.1.1.RELEASE/SpringBootJpaBasicLogging-1/bin/main started by kwondoha in /Users/kwondoha/Documents/workspace-spring-tools-for-eclipse-5.1.1.RELEASE/SpringBootJpaBasicLogging-1)
2026-07-08T17:07:15.672+09:00  INFO 5258 --- [SpringBootJpaBasicLogging-1] [restartedMain] .m.SpringBootJpaBasicLogging1Application : No active profile set, falling back to 1 default profile: "default"
2026-07-08T17:07:15.691+09:00  INFO 5258 --- [SpringBootJpaBasicLogging-1] [restartedMain] .e.DevToolsPropertyDefaultsPostProcessor : Devtools property defaults active! Set 'spring.devtools.add-properties' to 'false' to disable
2026-07-08T17:07:15.691+09:00  INFO 5258 --- [SpringBootJpaBasicLogging-1] [restartedMain] .e.DevToolsPropertyDefaultsPostProcessor : For additional web related logging consider setting the 'logging.level.web' property to 'DEBUG'
2026-07-08T17:07:15.932+09:00  INFO 5258 --- [SpringBootJpaBasicLogging-1] [restartedMain] .s.d.r.c.RepositoryConfigurationDelegate : Bootstrapping Spring Data JPA repositories in DEFAULT mode.
2026-07-08T17:07:15.952+09:00  INFO 5258 --- [SpringBootJpaBasicLogging-1] [restartedMain] .s.d.r.c.RepositoryConfigurationDelegate : Finished Spring Data repository scanning in 17 ms. Found 1 JPA repository interface.
2026-07-08T17:07:16.276+09:00  INFO 5258 --- [SpringBootJpaBasicLogging-1] [restartedMain] o.s.boot.tomcat.TomcatWebServer          : Tomcat initialized with port 8080 (http)
2026-07-08T17:07:16.282+09:00  INFO 5258 --- [SpringBootJpaBasicLogging-1] [restartedMain] o.apache.catalina.core.StandardService   : Starting service [Tomcat]
2026-07-08T17:07:16.283+09:00  INFO 5258 --- [SpringBootJpaBasicLogging-1] [restartedMain] o.apache.catalina.core.StandardEngine    : Starting Servlet engine: [Apache Tomcat/11.0.22]
2026-07-08T17:07:16.298+09:00  INFO 5258 --- [SpringBootJpaBasicLogging-1] [restartedMain] b.w.c.s.WebApplicationContextInitializer : Root WebApplicationContext: initialization completed in 607 ms
2026-07-08T17:07:16.378+09:00  INFO 5258 --- [SpringBootJpaBasicLogging-1] [restartedMain] org.hibernate.orm.jpa                    : HHH008540: Processing PersistenceUnitInfo [name: default]
2026-07-08T17:07:16.405+09:00  INFO 5258 --- [SpringBootJpaBasicLogging-1] [restartedMain] org.hibernate.orm.core                   : HHH000001: Hibernate ORM core version 7.4.1.Final
2026-07-08T17:07:16.595+09:00  INFO 5258 --- [SpringBootJpaBasicLogging-1] [restartedMain] o.s.o.j.p.SpringPersistenceUnitInfo      : No LoadTimeWeaver setup: ignoring JPA class transformer
2026-07-08T17:07:16.610+09:00  INFO 5258 --- [SpringBootJpaBasicLogging-1] [restartedMain] com.zaxxer.hikari.HikariDataSource       : HikariPool-1 - Starting...
2026-07-08T17:07:16.810+09:00  INFO 5258 --- [SpringBootJpaBasicLogging-1] [restartedMain] com.zaxxer.hikari.pool.HikariPool        : HikariPool-1 - Added connection com.mysql.cj.jdbc.ConnectionImpl@b1147e
2026-07-08T17:07:16.811+09:00  INFO 5258 --- [SpringBootJpaBasicLogging-1] [restartedMain] com.zaxxer.hikari.HikariDataSource       : HikariPool-1 - Start completed.
2026-07-08T17:07:16.862+09:00  INFO 5258 --- [SpringBootJpaBasicLogging-1] [restartedMain] org.hibernate.orm.connections.pooling    : HHH10001005: Database info:
	Database JDBC URL [jdbc:mysql://localhost:3306/jpa_basic_rest]
	Database driver: MySQL Connector/J
	Database dialect: MySQLDialect
	Database version: 9.7
	Default catalog/schema: jpa_basic_rest/undefined
	Autocommit mode: undefined/unknown
	Isolation level: REPEATABLE_READ [default REPEATABLE_READ]
	JDBC fetch size: none
	Pool: DataSourceConnectionProvider
	Minimum pool size: undefined/unknown
	Maximum pool size: undefined/unknown
2026-07-08T17:07:17.220+09:00  INFO 5258 --- [SpringBootJpaBasicLogging-1] [restartedMain] org.hibernate.orm.core                   : HHH000489: No JTA platform available (set 'hibernate.transaction.jta.platform' to enable JTA platform integration)
2026-07-08T17:07:17.257+09:00  INFO 5258 --- [SpringBootJpaBasicLogging-1] [restartedMain] j.LocalContainerEntityManagerFactoryBean : Initialized JPA EntityManagerFactory for persistence unit 'default'
2026-07-08T17:07:17.316+09:00  INFO 5258 --- [SpringBootJpaBasicLogging-1] [restartedMain] o.s.d.j.r.query.QueryEnhancerFactories   : Hibernate is in classpath; If applicable, HQL parser will be used.
2026-07-08T17:07:17.556+09:00  INFO 5258 --- [SpringBootJpaBasicLogging-1] [restartedMain] o.s.boot.tomcat.TomcatWebServer          : Tomcat started on port 8080 (http) with context path '/'
2026-07-08T17:07:17.559+09:00  INFO 5258 --- [SpringBootJpaBasicLogging-1] [restartedMain] .m.SpringBootJpaBasicLogging1Application : Started SpringBootJpaBasicLogging1Application in 2.038 seconds (process running for 2.44)
2026-07-08T17:07:34.068+09:00  INFO 5258 --- [SpringBootJpaBasicLogging-1] [File Watcher] rtingClassPathChangeChangedEventListener : Restarting due to 12 class path changes (0 additions, 12 deletions, 0 modifications)
2026-07-08T17:07:34.077+09:00  INFO 5258 --- [SpringBootJpaBasicLogging-1] [Thread-1] o.s.boot.tomcat.GracefulShutdown         : Commencing graceful shutdown. Waiting for active requests to complete
2026-07-08T17:07:34.080+09:00  INFO 5258 --- [SpringBootJpaBasicLogging-1] [tomcat-shutdown] o.s.boot.tomcat.GracefulShutdown         : Graceful shutdown complete
2026-07-08T17:07:34.084+09:00  INFO 5258 --- [SpringBootJpaBasicLogging-1] [Thread-1] j.LocalContainerEntityManagerFactoryBean : Closing JPA EntityManagerFactory for persistence unit 'default'
2026-07-08T17:07:34.087+09:00  INFO 5258 --- [SpringBootJpaBasicLogging-1] [Thread-1] com.zaxxer.hikari.HikariDataSource       : HikariPool-1 - Shutdown initiated...
2026-07-08T17:07:34.092+09:00  INFO 5258 --- [SpringBootJpaBasicLogging-1] [Thread-1] com.zaxxer.hikari.HikariDataSource       : HikariPool-1 - Shutdown completed.
